clear
clear
cd ~/Desktop
git version
git help
cleaa
clear
git config --list
git config --global user.name "Catalina Tobon Gomez"
git config --global user.email "catactg@gmail.com"
git config --global core.editor "nano -w"
git config --glboal core.autocrlf input
git config --global core.autocrlf input
clear
git config --list --global
pwd
mkdir recipes
cd recipes/
pwd
ls
ls -a
git init
ls -a
ls -a .git
clear
git status
nano guacamole.md
nano guacamole.md
ls
cat guacamole.md 
git status
git add guacamole.md 
git status
git commit -m "Create initial structure for guacamole recipe"
git status
clear
git log
git diff
nano guacamole.md 
cat guacamole.md 
git diff
clear
git status
git add guacamole.md 
git status
git commit -m "Add ingredients for basic guacamole"
git log
cat guacamole.md 
clear
git status
nano guacamole.md
git diff
git add guacamole.md 
git diff
git diff --staged
clear
git status
git commit -m "Modify guacamole to traditional recipe"
git status
git log
clear
pwd
cd ..
pwd
mkdir bio
cd bio
git init
nano me.txt
cat me.txt 
git diff
git add me.txt 
git status
git commit -m "Name, origin and hobby"
nano me.txt
clear
git diff
git add me.txt 
git diff
git diff --staged
git commit -m "Add background"
git log
clear
pwd
cd ..
cd recipes/
git status
git log --oneline
nano guacamole.md 
git diff guacamole.md 
git diff HEAD guacamole.md 
clear
git diff HEAD~1 guacamole.md 
git diff HEAD~2 guacamole.md 
git diff HEAD~3 guacamole.md 
clear
git log --oneline
git show HEAD~2 guacamole.md 
git log --oneline
git diff 1f91b0c guacamole.md 
clear
git status
git diff
git restore guacamole.md 
cat guacamole.md 
git log --oneline
git restore -s 1618557
git restore -s 1618557 guacamole.md 
cat guacamole.md 
git status
nano guacamole.md 
git restore guacamole.md 
cat guacamole.md 
clear
git log --oneline
git tag -a basic 1618557 -m "Tag for basic recipe"
git log --oneline
git restore -s basic guacamole.md 
cat guacamole.md 
git restore guacamole.md 
git status
nano ketchup.md
nano ketchup.md
clear
git status
rm ketchup.md 
git status
clear
ls
mkdir pictures
touch a.png b.png c.png 
ls
touch pictures/cake1.jpg pictures/cake2.jpg
ls pictures/
git status
clear
nano .gitignore
cat .gitignore
git status
git add .gitignore
git commit -m "Ignore png files and pictures folder"
git status
ls
git status --ignored
git status
git add a.png
clear
touch pictures/new.jpg
git status
mkdir anotherfolder
git status
touch anotherfolder/file.jpg
git status
cat .gitignore
touch anotherfolder/cake.png
git status
rm -rf anotherfolder
ls
git log --oneline
clear
ssh -T git@github.com
git remote add origin git@github.com:catactg/recipes.git
git remote -v
git push origin main
nano guacamole.md 
git status
git add guacamole.md 
git commit -m "Modify to spicy recipe"
git log --oneline
git push origin main
clear
git status
git push origin main
git pull origin main
ls -a
cd ..
pwd
rm -rf recipes/
ls
git status
git clone git@github.com:catactg/recipes.git
clear
cd recipes
ls -a
git log --oneline
git tag -a bash 1618557 "Add basic tag"
git tag -a bash 1618557 -m "Add basic tag"
git log --oneline
git push --tags
clear
git config
git config --list
git config --list --global
clear
git status
git log --oneline
bash
git commit --amend -m "Initial commit"
git log --oneline
git status
git add notes.txt 
git commit -m "Add first line"
nano notes.txt 
git add notes.txt 
git commit -m "Add second line"
nano notes.txt 
git add notes.txt 
git commit -m "Add third line"
git log --oneline
git show HEAD~1
nano notes.txt 
git diff
git restore notes.txt 
cat notes.txt 
git restore -s HEAD~2 notes.txt 
git diff
git restore notes.txt 
cat notes.txt 
nano debug.log
mkdir data
touch data/raw_dump.csv data/temperatures.csv
nano .gitignore
git status
git add .gitignore
git commit -m "Ignore all log and data files"
git remote add origin git@github.com:catactg/weather-notes.git
git push origin main
cd ..
mv weather-notes/ weather-notes-old
ls weather-notes-old/
git clone git@github.com:catactg/weather-notes.git
ls
cd weather-notes
git log --oneline
ls
ls -a
cd ..
ls -a weather-notes-old/
cd
autopush
nano ~/.bashrc
bash
clear
git --version
ls -a ~
cat .bash_history 
clear
cat .bashrc
pwd
ls -a
nano .bashrc
cat .bashrc
clear
git --version
cat ~/.bash_history 
echo $HISTFILE
cat $HISTFILE
pwd
cat ~/.bashrc
nano .bashrc
bash
clear
tail -n 0 -f ~/.bash_history | tee -a /Users/ctobongomez/Documents/rds_modules/introduction_to_version_control_with_git/material_for_participants/command.log
clear
git --version
clear
tail -n 0 -f ~/.bash_history | tee -a /Users/ctobongomez/Documents/rds_modules/introduction_to_version_control_with_git/material_for_participants/command.log
pwd
Desktop/
cd Desktop/
pwd
git version 
git help
clear
git config --list
tail -n 0 -f ~/.bash_history | tee -a /Users/ctobongomez/Documents/rds_modules/introduction_to_version_control_with_git/material_for_participants/command.log
git config --glabl --unset user.name
git config --global --unset user.name
git config --global --unset user.email
git config --global --unset core.editor
git config --global --unset core.autocrlf
git config --global --unset init.defaultBranch
git config --list
git config --global --unset init.defaultbranch
rm ~/.gitconfig 
git config --list
git config --global --unset init.defaultbranch
git config --list
clear
git version
git config --list
git config --global user.name "Catalina Tobon Gomez"
git config --global user.email "catactg@gmail.com"
git config --global core.editor "nano -w"
git config --global core.autocrlf input
clear
mkdir tt
cd tt
git init
git status
bash
git config --list --global
git config --global --edit
clear
pwd
mkdir recipes
cd recipes/
ls
ls -a
git init
ls -a
ls .git
clear
git status
cd ..
git status
cd recipes/
git status
nano guacamole.md
cat guacamole.md 
ls
git status
git add guacamole.md 
git status
git commit -m "Create initial structure for guacamole recipe"
git status
clear
git log
nano guacamole.md 
cat guacamole.md 
git status
git diff
git commit -m "Add ingredients for basic guacamole"
git add guacamole.md 
git status
git commit -m "Add ingredients for basic guacamole"
git log
cat guacamole.md 
git status
nano guacamole.md 
git status
git diff
clear
git status
git restore guacamole.md 
git status
git status
nano guacamole.md 
git diff
git add guacamole.md 
git diff
git diff --staged
git status
git commit -m "Modify guacamole to traditional recipe"
git status
git log
cd ..
pwd
mkdir bio
cd bio/
ls
git init
nano me.txt
git add me.txt 
git commit -m "Brief history of me"
git commit --ammend -m "Name, origin and hobby"
git log
git commit --ammend -m "Name, origin and hobby"
git commit --ammend
git commit --amend -m "Name, origin and hobby"
git log
clear
nano me.txt 
git diff me.txt 
git add me.txt 
git diff
git diff --staged
git commit -m "Add brackground"
git log
clear
pwd
cd ..
cd recipes/
git status
git log --oneline
nano guacamole.md 
git diff HEAD guacamole.md 
git diff guacamole.md 
git diff HEAD~1 guacamole.md 
git diff HEAD~2 guacamole.md 
git diff HEAD~3 guacamole.md 
git log --oneline
git show HEAD~2 guacamole.md 
git diff e0107bb guacamole.md 
git diff HEAD~1 guacamole.md 
git status
cat guacamole.md 
git diff
git restore guacamole.md 
cat guacamole.md 
git log --oneline
git restore -s 1dd494e guacamole.md 
cat guacamole.md 
git status
git restore guacamole.md 
git status
cat guacamole.md 
git tag -a basic e0107bb -m "Tag for basic guacamole"
git log --oneline
git restore -s basic guacamole.md 
cat guacamole.md 
git status
git restore guacamole.md 
git status
clear
git status
ls
mkdir pictures
touch a.png b.png c.png pictures/cake1.jpg pictures/cake2.jpg
ls
ls pictures/
git status
nano .gitignore
cat .gitignore
git status
git add .gitignore
git commit -m "Ignore png files and the pictures folder"
git status
ls
git add a.png
git status --ignored
touch pictures/new.jpg
git status
mkdir anotherfolder
git status
touch anotherfolder/file.jpg
git status
rm -rf anotherfolder
ls
ssh -T git@github.com
clear
git remote add origin git@github.com:catactg/recipes.git
git remote -v
git push origin main
clear
nano guacamole.md 
git status
git add guacamole.md 
git commit -m "Modify to spicy recipe"
git log --oneline
git push
git push origin main
clear
git status
git push origin main
git pull origin main
ls -a
cd ..
rm -rf recipes
ls
git status
git clone git@github.com:catactg/recipes.git
ls
cd recipes/
ls
ls -a
git status
git log --oneline
history
git tag -a spicy HEAD -m "Spicy guacamole"
git log --oneline
git push origin main
git push
git push --tags
git tag -a basic e0107bb -m "Tag for basic guacamole"
git log --oneline
git push --tags
clear
rm ~/.gitconfig
git config --list
pwd
git config --list --global
rm ~/.gitconfig
git config --global user.name "Catalina Tobon Gomez"
git config --glboal user.email "catactg@gmail.com"
git config --global user.email "catactg@gmail.com"
conda create video
conda create --name video
conda activate video
conda install ffmpeg
python3 stack_blur.py IMG_3932 2.mov/Users/ctobongomez/Documents/personal/art/bottom.mov --width 1080 --feather 120
python3 stack_blur.py /Users/ctobongomez/Documents/personal/art/top.mov /Users/ctobongomez/Documents/personal/art/bottom.mov /Users/ctobongomez/Documents/personal/art/out.mov --width 1080 --feather 120
python3 stack_blur.py /Users/ctobongomez/Documents/personal/art/top.mov /Users/ctobongomez/Documents/personal/art/bottom.mov /Users/ctobongomez/Documents/personal/art/out_300.mov --width 1080 --feather 300
python3 stack_blur.py /Users/ctobongomez/Documents/personal/art/top.mov /Users/ctobongomez/Documents/personal/art/bottom.mov /Users/ctobongomez/Documents/personal/art/out_300_rot180.mov --width 1080 --feather 300 --rotate-bottom 180
python3 stack_blur.py /Users/ctobongomez/Documents/personal/art/top.mov /Users/ctobongomez/Documents/personal/art/bottom_s8.mov /Users/ctobongomez/Documents/personal/art/out_s8_120_rot180.mov --width 1080 --feather 120 --rotate-bottom 180
python3 stack_blur.py /Users/ctobongomez/Documents/personal/art/top.mov /Users/ctobongomez/Documents/personal/art/bottom_s8.mov /Users/ctobongomez/Documents/personal/art/out_s8_300_rot180.mov --width 1080 --feather 300 --rotate-bottom 180
python3 stack_blur.py /Users/ctobongomez/Documents/personal/art/fist_to_end_24s.mov /Users/ctobongomez/Documents/personal/art/s8_to_end.mov /Users/ctobongomez/Documents/personal/art/fist_s8_300_rot180.mov --width 1080 --feather 300 --rotate-bottom 180
python3 stack_blur.py /Users/ctobongomez/Documents/personal/art/fist_to_end_24s.mov /Users/ctobongomez/Documents/personal/art/s6_to_end.mov /Users/ctobongomez/Documents/personal/art/fist_s6_300_rot180.mov --width 1080 --feather 300 --rotate-bottom 180
ls /Users/ctobongomez/Documents/personal/art 
git config user.name "Catalina Tobon Gomez"
rm ~/.gitconfig
clear
clear
cd ~/Desktop
git version
git help
cleaa
clear
git config --list
git config --global user.name "Catalina Tobon Gomez"
git config --global user.email "catactg@gmail.com"
git config --global core.editor "nano -w"
git config --glboal core.autocrlf input
git config --global core.autocrlf input
clear
git config --list --global
pwd
mkdir recipes
cd recipes/
pwd
ls
ls -a
git init
ls -a
ls -a .git
clear
git status
nano guacamole.md
nano guacamole.md
ls
cat guacamole.md 
git status
git add guacamole.md 
git status
git commit -m "Create initial structure for guacamole recipe"
git status
clear
git log
git diff
nano guacamole.md 
cat guacamole.md 
git diff
clear
git status
git add guacamole.md 
git status
git commit -m "Add ingredients for basic guacamole"
git log
cat guacamole.md 
clear
git status
nano guacamole.md
git diff
git add guacamole.md 
git diff
git diff --staged
clear
git status
git commit -m "Modify guacamole to traditional recipe"
git status
git log
clear
pwd
cd ..
pwd
mkdir bio
cd bio
git init
nano me.txt
cat me.txt 
git diff
git add me.txt 
git status
git commit -m "Name, origin and hobby"
nano me.txt
clear
git diff
git add me.txt 
git diff
git diff --staged
git commit -m "Add background"
git log
clear
pwd
cd ..
cd recipes/
git status
git log --oneline
nano guacamole.md 
git diff guacamole.md 
git diff HEAD guacamole.md 
clear
git diff HEAD~1 guacamole.md 
git diff HEAD~2 guacamole.md 
git diff HEAD~3 guacamole.md 
clear
git log --oneline
git show HEAD~2 guacamole.md 
git log --oneline
git diff 1f91b0c guacamole.md 
clear
git status
git diff
git restore guacamole.md 
cat guacamole.md 
git log --oneline
git restore -s 1618557
git restore -s 1618557 guacamole.md 
cat guacamole.md 
git status
nano guacamole.md 
git restore guacamole.md 
cat guacamole.md 
clear
git log --oneline
git tag -a basic 1618557 -m "Tag for basic recipe"
git log --oneline
git restore -s basic guacamole.md 
cat guacamole.md 
git restore guacamole.md 
git status
nano ketchup.md
nano ketchup.md
clear
git status
rm ketchup.md 
git status
clear
ls
mkdir pictures
touch a.png b.png c.png 
ls
touch pictures/cake1.jpg pictures/cake2.jpg
ls pictures/
git status
clear
nano .gitignore
cat .gitignore
git status
git add .gitignore
git commit -m "Ignore png files and pictures folder"
git status
ls
git status --ignored
git status
git add a.png
clear
touch pictures/new.jpg
git status
mkdir anotherfolder
git status
touch anotherfolder/file.jpg
git status
cat .gitignore
touch anotherfolder/cake.png
git status
rm -rf anotherfolder
ls
git log --oneline
clear
ssh -T git@github.com
git remote add origin git@github.com:catactg/recipes.git
git remote -v
git push origin main
nano guacamole.md 
git status
git add guacamole.md 
git commit -m "Modify to spicy recipe"
git log --oneline
git push origin main
clear
git status
git push origin main
git pull origin main
ls -a
cd ..
pwd
rm -rf recipes/
ls
git status
git clone git@github.com:catactg/recipes.git
clear
cd recipes
ls -a
git log --oneline
git tag -a bash 1618557 "Add basic tag"
git tag -a bash 1618557 -m "Add basic tag"
git log --oneline
git push --tags
clear
git config
git config --list
git config --list --global
clear
git status
git log --oneline
bash
